Usage networkInterface: lo of Q1 robot 
Start motor thread： Done!
1765172755.588508 [0] run_interf: selected interface "lo" is not multicast-capable: disabling multicast
Initialize channel factory.
Reset done! Rpy: 0 0 0

Reset observation history: Done!
[32mCurrent mode: folding...
[0mQ: [ -0.05, -0.37, -0.43, -0.49, -0.14, -0.28, 0.14, 0.17, 0.30, -0.03 ]
Q: [ -0.05, -0.37, -0.43, -0.49, -0.14, -0.28, 0.14, 0.17, 0.30, -0.03 ]
Q: [ -0.05, -0.37, -0.43, -0.49, -0.14, -0.28, 0.14, 0.17, 0.30, -0.03 ]
Q: [ -0.05, -0.37, -0.43, -0.49, -0.14, -0.28, 0.14, 0.17, 0.30, -0.03 ]
Q: [ -0.05, -0.37, -0.43, -0.48, -0.14, -0.29, 0.14, 0.17, 0.30, -0.03 ]
Traceback (most recent call last):
  File "/home/bird/Qmini-main/QMiniSimAndDeploy/./joystick.py", line 108, in read_joystick
    joy.getjoystickstates()
  File "/home/bird/Qmini-main/QMiniSimAndDeploy/./joystick.py", line 61, in getjoystickstates
    self.START = self.joystick.get_button(11)
pygame.error: Invalid joystick button
[32mCurrent mode: standing...
[0mReset done! Rpy: 0.00 0.00 0.00

Reset observation history: Done!
Traceback (most recent call last):
  File "/home/bird/Qmini-main/QMiniSimAndDeploy/./joystick.py", line 108, in read_joystick
    joy.getjoystickstates()
  File "/home/bird/Qmini-main/QMiniSimAndDeploy/./joystick.py", line 73, in getjoystickstates
    self.START = self.joystick.get_button(11)
pygame.error: Invalid joystick button
Q: [ -0.06, -0.33, -0.43, -0.48, -0.14, -0.28, 0.14, 0.13, 0.15, 0.02 ]
Q: [ -0.07, -0.32, -0.43, -0.47, -0.13, -0.28, 0.15, 0.14, 0.09, 0.03 ]
Q: [ -0.07, -0.32, -0.42, -0.47, -0.12, -0.28, 0.15, 0.15, 0.09, 0.04 ]
Q: [ -0.07, -0.32, -0.42, -0.47, -0.12, -0.28, 0.15, 0.15, 0.09, 0.04 ]
Q: [ -0.07, -0.32, -0.42, -0.47, -0.12, -0.28, 0.15, 0.15, 0.09, 0.04 ]
Q: [ -0.07, -0.32, -0.42, -0.47, -0.12, -0.28, 0.15, 0.15, 0.09, 0.04 ]
Q: [ -0.07, -0.32, -0.42, -0.47, -0.12, -0.28, 0.15, 0.15, 0.09, 0.04 ]
Q: [ -0.06, -0.30, -0.41, -0.52, -0.11, -0.28, 0.15, 0.19, 0.04, 0.03 ]
Q: [ -0.05, -0.30, -0.39, -0.48, -0.09, -0.29, 0.14, 0.15, -0.01, 0.11 ]
Q: [ -0.05, -0.29, -0.38, -0.49, -0.10, -0.29, 0.15, 0.16, -0.03, 0.11 ]
Q: [ -0.05, -0.29, -0.39, -0.47, -0.09, -0.29, 0.15, 0.15, -0.01, 0.11 ]
Q: [ -0.05, -0.29, -0.39, -0.47, -0.08, -0.29, 0.15, 0.15, -0.02, 0.11 ]
Traceback (most recent call last):
  File "/home/bird/Qmini-main/QMiniSimAndDeploy/./joystick.py", line 108, in read_joystick
    joy.getjoystickstates()
  File "/home/bird/Qmini-main/QMiniSimAndDeploy/./joystick.py", line 61, in getjoystickstates
    self.START = self.joystick.get_button(11)
pygame.error: Invalid joystick button
[32mCurrent mode: RL walking...
[0mReset done! Rpy: 0.00 0.00 0.00

Reset observation history: Done!
True period: 0.00 ms
True period: 14.60 ms
Traceback (most recent call last):
  File "/home/bird/Qmini-main/QMiniSimAndDeploy/./joystick.py", line 108, in read_joystick
    joy.getjoystickstates()
  File "/home/bird/Qmini-main/QMiniSimAndDeploy/./joystick.py", line 73, in getjoystickstates
    self.START = self.joystick.get_button(11)
pygame.error: Invalid joystick button
True period: 13.52 ms
True period: 13.81 ms
True period: 13.54 ms
True period: 13.04 ms
Q: [ 0.08, -0.29, -0.43, -0.49, -0.19, -0.19, 0.09, -0.05, -0.02, 0.12 ]
True period: 13.76 ms
True period: 20.51 ms
True period: 9.48 ms
True period: 14.98 ms
True period: 13.47 ms
True period: 18.24 ms
True period: 11.77 ms
True period: 14.99 ms
True period: 13.45 ms
True period: 17.44 ms
True period: 12.57 ms
True period: 14.98 ms
True period: 13.74 ms
Q: [ 0.08, -0.28, -0.67, -0.55, -0.41, -0.21, 0.15, -0.02, -0.03, 0.04 ]
True period: 13.56 ms
True period: 13.77 ms
True period: 13.62 ms
True period: 13.54 ms
True period: 13.83 ms
True period: 18.76 ms
True period: 11.23 ms
True period: 14.97 ms
True period: 13.25 ms
True period: 17.12 ms
True period: 12.91 ms
True period: 14.96 ms
Q: [ 0.07, -0.29, -0.52, -0.52, -0.22, -0.16, 0.14, 0.00, 0.02, 0.14 ]
True period: 13.80 ms
True period: 13.57 ms
True period: 13.01 ms
True period: 13.83 ms
True period: 17.62 ms
True period: 12.33 ms
True period: 15.00 ms
True period: 17.46 ms
True period: 12.54 ms
True period: 14.96 ms
Q: [ 0.06, -0.28, -0.42, -0.42, -0.07, -0.12, 0.11, -0.04, -0.06, 0.14 ]
True period: 13.64 ms
True period: 13.95 ms
True period: 13.84 ms
True period: 14.00 ms
True period: 17.04 ms
True period: 13.00 ms
True period: 17.07 ms
True period: 12.90 ms
True period: 14.98 ms
Q: [ 0.09, -0.28, -0.45, -0.46, -0.12, -0.16, 0.09, -0.05, -0.06, 0.10 ]
True period: 13.50 ms
True period: 19.18 ms
True period: 10.81 ms
True period: 15.05 ms
True period: 18.37 ms
True period: 11.63 ms
True period: 14.98 ms
True period: 13.01 ms
True period: 13.55 ms
True period: 14.26 ms
True period: 12.74 ms
True period: 14.99 ms
True period: 13.74 ms
True period: 18.86 ms
True period: 11.16 ms
True period: 14.97 ms
True period: 13.80 ms
True period: 17.73 ms
True period: 12.27 ms
True period: 14.98 ms
True period: 13.86 ms
True period: 13.72 ms
True period: 13.45 ms
Q: [ 0.09, -0.29, -0.65, -0.56, -0.38, -0.21, 0.14, -0.05, -0.03, 0.12 ]
True period: 23.42 ms
True period: 6.54 ms
True period: 14.97 ms
True period: 13.76 ms
True period: 13.70 ms
True period: 13.61 ms
True period: 13.81 ms
True period: 17.37 ms
True period: 12.62 ms
True period: 14.99 ms
True period: 17.96 ms
True period: 12.04 ms
True period: 14.98 ms
True period: 13.86 ms
Q: [ 0.08, -0.29, -0.63, -0.50, -0.41, -0.20, 0.16, -0.01, -0.01, 0.18 ]
True period: 17.75 ms
True period: 11.93 ms
True period: 15.00 ms
True period: 13.60 ms
True period: 13.88 ms
True period: 13.83 ms
True period: 13.99 ms
True period: 13.49 ms
True period: 13.72 ms
Q: [ 0.07, -0.27, -0.46, -0.43, -0.08, -0.15, 0.13, -0.05, -0.04, 0.17 ]
True period: 17.10 ms
True period: 12.92 ms
True period: 14.96 ms
True period: 13.78 ms
True period: 17.15 ms
True period: 12.83 ms
True period: 14.97 ms
True period: 13.10 ms
True period: 13.70 ms
True period: 17.26 ms
True period: 12.74 ms
True period: 14.99 ms
True period: 13.38 ms
True period: 13.45 ms
True period: 17.32 ms
True period: 12.69 ms
True period: 14.97 ms
True period: 13.83 ms
True period: 17.60 ms
True period: 12.39 ms
True period: 14.98 ms
True period: 13.34 ms
True period: 13.22 ms
True period: 19.57 ms
True period: 10.44 ms
True period: 14.97 ms
Q: [ 0.05, -0.28, -0.39, -0.40, -0.17, -0.08, 0.09, -0.00, -0.05, 0.44 ]
True period: 17.64 ms
True period: 12.35 ms
True period: 15.01 ms
True period: 17.10 ms
True period: 13.01 ms
True period: 13.73 ms
True period: 13.34 ms
True period: 17.79 ms
True period: 12.20 ms
True period: 14.96 ms
True period: 13.49 ms
True period: 13.52 ms
True period: 20.89 ms
True period: 9.11 ms
True period: 14.98 ms
True period: 17.03 ms
True period: 12.95 ms
True period: 15.02 ms
Q: [ 0.07, -0.27, -0.43, -0.41, -0.07, -0.13, 0.10, -0.04, -0.07, 0.11 ]
True period: 13.40 ms
True period: 13.19 ms
True period: 13.07 ms
True period: 13.54 ms
True period: 19.84 ms
True period: 9.85 ms
True period: 15.00 ms
Q: [ 0.12, -0.27, -0.50, -0.44, -0.02, -0.15, 0.08, -0.04, -0.06, -0.02 ]
True period: 20.42 ms
True period: 9.58 ms
True period: 14.97 ms
True period: 13.84 ms
True period: 13.86 ms
Q: [ 0.10, -0.28, -0.62, -0.52, -0.20, -0.21, 0.13, -0.02, -0.03, -0.00 ]
True period: 13.77 ms
True period: 13.88 ms
True period: 12.99 ms
True period: 15.23 ms
True period: 17.15 ms
True period: 12.85 ms
True period: 14.96 ms
True period: 18.33 ms
True period: 11.66 ms
True period: 14.97 ms
True period: 13.24 ms
True period: 18.22 ms
True period: 11.75 ms
True period: 14.97 ms
Q: [ 0.08, -0.29, -0.66, -0.50, -0.47, -0.21, 0.16, -0.01, -0.01, 0.11 ]
True period: 13.08 ms
True period: 13.42 ms
True period: 17.26 ms
True period: 12.71 ms
True period: 14.99 ms
True period: 17.36 ms
True period: 12.65 ms
True period: 14.97 ms
True period: 17.25 ms
True period: 12.76 ms
True period: 14.97 ms
True period: 13.12 ms
True period: 19.46 ms
True period: 10.58 ms
True period: 14.95 ms
True period: 13.92 ms
Q: [ 0.08, -0.28, -0.48, -0.45, -0.08, -0.15, 0.14, -0.04, -0.05, 0.14 ]
True period: 17.50 ms
True period: 12.50 ms
True period: 14.96 ms
True period: 13.25 ms
True period: 17.04 ms
True period: 12.94 ms
True period: 14.98 ms
True period: 17.74 ms
True period: 12.29 ms
True period: 14.96 ms
True period: 13.56 ms
True period: 13.57 ms
True period: 17.62 ms
True period: 12.42 ms
True period: 14.95 ms
True period: 13.49 ms
True period: 13.98 ms
True period: 13.95 ms
Q: [ 0.07, -0.27, -0.42, -0.40, -0.06, -0.13, 0.10, -0.04, -0.06, 0.09 ]
True period: 13.04 ms
True period: 13.07 ms
True period: 13.46 ms
True period: 18.16 ms
True period: 11.87 ms
True period: 14.96 ms
True period: 13.79 ms
True period: 19.04 ms
True period: 10.95 ms
True period: 15.00 ms
True period: 18.79 ms
True period: 11.20 ms
True period: 14.99 ms
True period: 13.91 ms
True period: 13.97 ms
Q: [ 0.09, -0.29, -0.44, -0.42, -0.05, -0.15, 0.08, -0.03, -0.04, 0.01 ]
True period: 13.81 ms
True period: 13.36 ms
True period: 17.86 ms
True period: 12.15 ms
True period: 14.99 ms
True period: 13.86 ms
True period: 19.46 ms
True period: 10.54 ms
True period: 14.97 ms
True period: 20.36 ms
True period: 9.64 ms
True period: 14.97 ms
True period: 13.35 ms
Q: [ 0.11, -0.28, -0.57, -0.51, -0.14, -0.19, 0.10, -0.03, -0.04, 0.05 ]
True period: 13.65 ms
True period: 13.17 ms
True period: 17.79 ms
True period: 12.21 ms
True period: 14.97 ms
True period: 12.99 ms
True period: 17.17 ms
True period: 12.87 ms
True period: 14.94 ms
Q: [ 0.09, -0.28, -0.71, -0.55, -0.45, -0.27, 0.18, -0.00, -0.01, 0.01 ]
True period: 13.64 ms
True period: 17.15 ms
True period: 12.86 ms
True period: 14.97 ms
True period: 13.04 ms
Q: [ 0.07, -0.30, -0.66, -0.50, -0.50, -0.22, 0.16, -0.00, 0.01, 0.07 ]
True period: 13.69 ms
True period: 13.90 ms
True period: 17.28 ms
True period: 12.77 ms
True period: 14.95 ms
True period: 13.97 ms
True period: 13.81 ms
True period: 13.93 ms
True period: 13.34 ms
True period: 13.51 ms
True period: 13.98 ms
True period: 18.83 ms
True period: 11.14 ms
True period: 14.98 ms
True period: 17.89 ms
True period: 12.12 ms
True period: 15.02 ms
Q: [ 0.08, -0.27, -0.50, -0.45, -0.15, -0.15, 0.15, -0.05, -0.04, 0.23 ]
True period: 13.28 ms
True period: 13.51 ms
True period: 17.21 ms
True period: 12.77 ms
True period: 14.99 ms
True period: 17.46 ms
True period: 12.55 ms
True period: 14.98 ms
True period: 13.76 ms
True period: 13.55 ms
Q: [ 0.06, -0.28, -0.41, -0.36, -0.07, -0.14, 0.11, -0.05, 0.00, 0.07 ]
True period: 13.16 ms
True period: 13.96 ms
True period: 17.49 ms
True period: 12.40 ms
True period: 14.95 ms
True period: 13.78 ms
True period: 13.97 ms
True period: 13.17 ms
True period: 13.85 ms
Q: [ 0.08, -0.28, -0.43, -0.42, -0.12, -0.15, 0.09, -0.06, -0.05, 0.11 ]
True period: 13.76 ms
True period: 13.03 ms
True period: 13.88 ms
True period: 13.93 ms
True period: 17.37 ms
True period: 12.64 ms
True period: 14.96 ms
True period: 13.03 ms
True period: 15.06 ms
Q: [ 0.09, -0.28, -0.60, -0.56, -0.01, -0.26, 0.13, -0.02, -0.05, -0.02 ]
True period: 13.89 ms
True period: 13.86 ms
True period: 13.25 ms
True period: 13.92 ms
True period: 13.48 ms
Q: [ 0.07, -0.28, -0.50, -0.47, -0.06, -0.16, 0.13, -0.05, -0.04, 0.03 ]
True period: 13.35 ms
True period: 13.69 ms
True period: 13.81 ms
True period: 13.25 ms
True period: 13.83 ms
True period: 17.70 ms
True period: 12.30 ms
True period: 15.00 ms
True period: 13.88 ms
True period: 13.20 ms
True period: 18.07 ms
True period: 11.94 ms
True period: 14.99 ms
True period: 19.50 ms
True period: 10.54 ms
True period: 15.00 ms
True period: 13.90 ms
True period: 17.71 ms
True period: 12.28 ms
True period: 14.99 ms
Q: [ 0.07, -0.28, -0.46, -0.44, -0.08, -0.13, 0.13, -0.04, -0.04, 0.13 ]
True period: 13.67 ms
True period: 13.97 ms
True period: 17.87 ms
True period: 12.15 ms
True period: 14.97 ms
True period: 13.21 ms
True period: 13.22 ms
True period: 17.53 ms
True period: 12.53 ms
True period: 15.08 ms
True period: 13.74 ms
True period: 17.29 ms
True period: 12.72 ms
True period: 14.96 ms
True period: 17.23 ms
True period: 12.76 ms
True period: 14.97 ms
True period: 17.17 ms
True period: 12.85 ms
True period: 14.94 ms
True period: 13.93 ms
True period: 13.80 ms
True period: 14.01 ms
Q: [ 0.07, -0.28, -0.41, -0.39, -0.09, -0.14, 0.10, -0.04, -0.05, 0.08 ]
True period: 13.34 ms
True period: 17.49 ms
True period: 12.51 ms
True period: 14.97 ms
True period: 13.67 ms
True period: 14.02 ms
True period: 13.96 ms
True period: 13.15 ms
True period: 13.64 ms
True period: 17.41 ms
True period: 12.63 ms
True period: 15.00 ms
True period: 13.14 ms
True period: 18.22 ms
True period: 11.80 ms
True period: 14.97 ms
Q: [ 0.10, -0.28, -0.46, -0.44, -0.08, -0.15, 0.09, -0.04, -0.03, 0.04 ]
True period: 17.73 ms
True period: 12.29 ms
True period: 14.95 ms
True period: 13.51 ms
True period: 13.63 ms
True period: 17.11 ms
True period: 12.95 ms
Traceback (most recent call last):
  File "/home/bird/Qmini-main/QMiniSimAndDeploy/./joystick.py", line 108, in read_joystick
    joy.getjoystickstates()
  File "/home/bird/Qmini-main/QMiniSimAndDeploy/./joystick.py", line 61, in getjoystickstates
    self.START = self.joystick.get_button(11)
pygame.error: Invalid joystick button
[33mCurrent mode: motor relax (电机泄力)...
[0mReset done! Rpy: 0.00 0.00 0.00

Reset observation history: Done!
Traceback (most recent call last):
  File "/home/bird/Qmini-main/QMiniSimAndDeploy/./joystick.py", line 108, in read_joystick
    joy.getjoystickstates()
  File "/home/bird/Qmini-main/QMiniSimAndDeploy/./joystick.py", line 73, in getjoystickstates
    self.START = self.joystick.get_button(11)
pygame.error: Invalid joystick button
Q: [ -0.36, -0.12, 0.59, -0.91, 0.78, 0.02, 0.15, -0.94, 0.59, -0.91 ]
Traceback (most recent call last):
  File "/home/bird/Qmini-main/QMiniSimAndDeploy/./joystick.py", line 108, in read_joystick
    joy.getjoystickstates()
  File "/home/bird/Qmini-main/QMiniSimAndDeploy/./joystick.py", line 61, in getjoystickstates
    self.START = self.joystick.get_button(11)
pygame.error: Invalid joystick button
[32mCurrent mode: standing...
[0mReset done! Rpy: 0.00 0.00 0.00

Reset observation history: Done!
[WARNING] SerialPort::recv, unblock version, received 3 bytes, but not 16 bytes.
[WARNING] SerialPort::recv, unblock version, received [WARNING] motor id=2 does not reply
3 bytes, but not 16 bytes.
[WARNING] motor id=0 does not reply
[WARNING] SerialPort::recv, unblock version, wait time out
[WARNING] SerialPort::recv, unblock version, received 2 bytes, but not 16 bytes.
[WARNING] motor id=0 does not reply
[WARNING] SerialPort::recv, unblock version, wait time out
[WARNING] SerialPort::recv, unblock version, received 3 bytes, but not 16 bytes.
[WARNING] motor id=1 does not reply
[WARNING] SerialPort::recv, unblock version, wait time out
[WARNING] motor id=0 does not reply
[WARNING] SerialPort::recv, unblock version, wait time out
[WARNING] motor id=1 does not reply
Traceback (most recent call last):
  File "/home/bird/Qmini-main/QMiniSimAndDeploy/./joystick.py", line 108, in read_joystick
    joy.getjoystickstates()
  File "/home/bird/Qmini-main/QMiniSimAndDeploy/./joystick.py", line 73, in getjoystickstates
    self.START = self.joystick.get_button(11)
pygame.error: Invalid joystick button
[WARNING] SerialPort::recv, unblock version, wait time out
[WARNING] motor id=1 does not reply
[WARNING] SerialPort::recv, unblock version, wait time out
[WARNING] motor id=0 does not reply
[WARNING] SerialPort::recv, unblock version, wait time out
[WARNING] motor id=1 does not reply
[WARNING] SerialPort::recv, unblock version, wait time out
[WARNING] motor id=2 does not reply
[WARNING] SerialPort::recv, unblock version, wait time out
[WARNING] motor id=0 does not reply
[WARNING] SerialPort::recv, unblock version, wait time out
[WARNING] motor id=1 does not reply
[WARNING] SerialPort::recv, unblock version, wait time out
[WARNING] motor id=2 does not reply
[WARNING] SerialPort::recv, unblock version, wait time out
[WARNING] motor id=0 does not reply
[WARNING] SerialPort::recv, unblock version, wait time out
[WARNING] motor id=1 does not reply
[WARNING] SerialPort::recv, unblock version, wait time out
[WARNING] motor id=0 does not reply
[WARNING] SerialPort::recv, unblock version, wait time out
[WARNING] motor id=0 does not reply
[WARNING] SerialPort::recv, unblock version, wait time out
[WARNING] motor id=1 does not reply
[WARNING] SerialPort::recv, unblock version, wait time out
[WARNING] motor id=0 does not reply
[WARNING] SerialPort::recv, unblock version, wait time out
[WARNING] motor id=1 does not reply
[WARNING] SerialPort::recv, unblock version, wait time out
[WARNING] motor id=1 does not reply
[WARNING] SerialPort::recv, unblock version, wait time out
[WARNING] motor id=2 does not reply
[WARNING] SerialPort::recv, unblock version, wait time out
[WARNING] motor id=1 does not reply
[WARNING] SerialPort::recv, unblock version, wait time out
[WARNING] motor id=2 does not reply
[WARNING] SerialPort::recv, unblock version, wait time out
[WARNING] motor id=0 does not reply
[WARNING] SerialPort::recv, unblock version, wait time out
[WARNING] motor id=0 does not reply
[WARNING] SerialPort::recv, unblock version, wait time out
[WARNING] motor id=0 does not reply
[WARNING] SerialPort::recv, unblock version, wait time out
[WARNING] motor id=0 does not reply
[WARNING] SerialPort::recv, unblock version, wait time out
[WARNING] motor id=1 does not reply
[WARNING] SerialPort::recv, unblock version, wait time out
[WARNING] motor id=1 does not reply
[WARNING] SerialPort::recv, unblock version, wait time out
[WARNING] motor id=1 does not reply
[WARNING] SerialPort::recv, unblock version, wait time out
[WARNING] motor id=1 does not reply
[WARNING] SerialPort::recv, unblock version, wait time out
[WARNING] motor id=0 does not reply
[WARNING] SerialPort::recv, unblock version, wait time out
[WARNING] motor id=2 does not reply
[WARNING] SerialPort::recv, unblock version, wait time out
[WARNING] motor id=0 does not reply
[WARNING] SerialPort::recv, unblock version, wait time out
[WARNING] motor id=2 does not reply
[WARNING] SerialPort::recv, unblock version, wait time out
[WARNING] motor id=1 does not reply
[WARNING] SerialPort::recv, unblock version, wait time out
[WARNING] motor id=0 does not reply
[WARNING] SerialPort::recv, unblock version, wait time out
[WARNING] motor id=1 does not reply
[WARNING] SerialPort::recv, unblock version, wait time out
[WARNING] motor id=0 does not reply
[WARNING] SerialPort::recv, unblock version, wait time out
[WARNING] motor id=0 does not reply
[WARNING] SerialPort::recv, unblock version, wait time out
[WARNING] motor id=1 does not reply
[WARNING] SerialPort::recv, unblock version, wait time out
[WARNING] motor id=0 does not reply
[WARNING] SerialPort::recv, unblock version, wait time out
[WARNING] motor id=1 does not reply
[WARNING] SerialPort::recv, unblock version, wait time out
[WARNING] motor id=1 does not reply
[WARNING] SerialPort::recv, unblock version, wait time out
[WARNING] motor id=2 does not reply
[WARNING] SerialPort::recv, unblock version, received 2 bytes, but not 16 bytes.
[WARNING] motor id=1 does not reply
[WARNING] SerialPort::recv, unblock version, received 3 bytes, but not 16 bytes.
[WARNING] motor id=0 does not reply
[WARNING] SerialPort::recv, unblock version, received 3 bytes, but not 16 bytes.
[WARNING] motor id=0 does not reply
[WARNING] Receive data CRC error
[WARNING] motor id=0 failed on CRC, data broken
[WARNING] motor id=0 does not reply
[WARNING] SerialPort::recv, unblock version, wait time out
[WARNING] SerialPort::recv, unblock version, received 3 bytes, but not 16 bytes.
[WARNING] motor id=2 does not reply
[WARNING] SerialPort::recv, unblock version, wait time out
[WARNING] motor id=1 does not reply
[WARNING] SerialPort::recv, unblock version, wait time out
[WARNING] motor id=1 does not reply
[WARNING] SerialPort::recv, unblock version, wait time out
[WARNING] motor id=1 does not reply
[WARNING] SerialPort::recv, unblock version, received 8 bytes, but not 16 bytes.
[WARNING] motor id=1 does not reply
[WARNING] SerialPort::recv, unblock version, received 3 bytes, but not 16 bytes.
[WARNING] motor id=2 does not reply
[WARNING] SerialPort::recv, unblock version, received 5 bytes, but not 16 bytes.
[WARNING] motor id=2 does not reply
[WARNING] SerialPort::recv, unblock version, received 3 bytes, but not 16 bytes.
[WARNING] motor id=0 does not reply
[WARNING] SerialPort::recv, unblock version, wait time out
[WARNING] SerialPort::recv, unblock version, received 2 bytes, but not 16 bytes.
[WARNING] motor id=1 does not reply
[WARNING] SerialPort::recv, unblock version, wait time out
[WARNING] motor id=0 does not reply
[WARNING] SerialPort::recv, unblock version, wait time out
[WARNING] motor id=0 does not reply
[WARNING] SerialPort::recv, unblock version, wait time out
[WARNING] motor id=1 does not reply
[WARNING] SerialPort::recv, unblock version, wait time out
[WARNING] motor id=0 does not reply
[WARNING] SerialPort::recv, unblock version, wait time out
[WARNING] motor id=1 does not reply
[WARNING] SerialPort::recv, unblock version, wait time out
[WARNING] motor id=1 does not reply
[WARNING] SerialPort::recv, unblock version, wait time out
[WARNING] motor id=0 does not reply
[WARNING] SerialPort::recv, unblock version, wait time out
[WARNING] motor id=1 does not reply
[WARNING] SerialPort::recv, unblock version, wait time out
[WARNING] motor id=2 does not reply
[WARNING] SerialPort::recv, unblock version, wait time out
[WARNING] motor id=2 does not reply
[WARNING] SerialPort::recv, unblock version, wait time out
[WARNING] motor id=1 does not reply
[WARNING] SerialPort::recv, unblock version, wait time out
[WARNING] motor id=0 does not reply
[WARNING] SerialPort::recv, unblock version, wait time out
[WARNING] motor id=0 does not reply
[WARNING] SerialPort::recv, unblock version, wait time out
[WARNING] motor id=0 does not reply
[WARNING] SerialPort::recv, unblock version, wait time out
[WARNING] motor id=0 does not reply
[WARNING] SerialPort::recv, unblock version, wait time out
[WARNING] motor id=1 does not reply
[WARNING] SerialPort::recv, unblock version, wait time out
[WARNING] motor id=1 does not reply
[WARNING] SerialPort::recv, unblock version, wait time out
[WARNING] motor id=1 does not reply
[WARNING] SerialPort::recv, unblock version, wait time out
[WARNING] motor id=1 does not reply
[WARNING] SerialPort::recv, unblock version, wait time out
[WARNING] motor id=0 does not reply
[WARNING] SerialPort::recv, unblock version, wait time out
[WARNING] motor id=2 does not reply
[WARNING] SerialPort::recv, unblock version, wait time out
[WARNING] motor id=2 does not reply
[WARNING] SerialPort::recv, unblock version, wait time out
[WARNING] motor id=0 does not reply
[WARNING] SerialPort::recv, unblock version, wait time out
[WARNING] motor id=1 does not reply
[WARNING] SerialPort::recv, unblock version, wait time out
[WARNING] motor id=0 does not reply
[WARNING] SerialPort::recv, unblock version, wait time out
[WARNING] motor id=0 does not reply
[WARNING] SerialPort::recv, unblock version, wait time out
[WARNING] motor id=1 does not reply
[WARNING] SerialPort::recv, unblock version, wait time out
[WARNING] motor id=0 does not reply
[WARNING] SerialPort::recv, unblock version, wait time out
[WARNING] motor id=1 does not reply
[WARNING] SerialPort::recv, unblock version, wait time out
[WARNING] motor id=1 does not reply
[WARNING] SerialPort::recv, unblock version, wait time out
[WARNING] motor id=0 does not reply
Q: [ 0.25, -0.44, -0.34, 0.08, 0.38, 0.10, 0.01, 0.08, -0.13, 0.18 ]
[WARNING] SerialPort::recv, unblock version, wait time out
[WARNING] motor id=1 does not reply
[WARNING] SerialPort::recv, unblock version, wait time out
[WARNING] motor id=2 does not reply
[WARNING] SerialPort::recv, unblock version, wait time out
[WARNING] motor id=2 does not reply
[WARNING] SerialPort::recv, unblock version, wait time out
[WARNING] motor id=1 does not reply
[WARNING] SerialPort::recv, unblock version, wait time out
[WARNING] motor id=0 does not reply
[WARNING] SerialPort::recv, unblock version, wait time out
[WARNING] motor id=0 does not reply
[WARNING] SerialPort::recv, unblock version, wait time out
[WARNING] motor id=0 does not reply
[WARNING] SerialPort::recv, unblock version, wait time out
[WARNING] motor id=0 does not reply
[WARNING] SerialPort::recv, unblock version, wait time out
[WARNING] motor id=1 does not reply
[WARNING] SerialPort::recv, unblock version, wait time out
[WARNING] motor id=1 does not reply
[WARNING] SerialPort::recv, unblock version, wait time out
[WARNING] motor id=1 does not reply
[WARNING] SerialPort::recv, unblock version, wait time out
[WARNING] motor id=1 does not reply
[WARNING] SerialPort::recv, unblock version, received 3 bytes, but not 16 bytes.
[WARNING] motor id=2 does not reply
[WARNING] SerialPort::recv, unblock version, received 3 bytes, but not 16 bytes.
[WARNING] motor id=2 does not reply
[WARNING] SerialPort::recv, unblock version, received 2 bytes, but not 16 bytes.
[WARNING] motor id=0 does not reply
[WARNING] SerialPort::recv, unblock version, received 3 bytes, but not 16 bytes.
[WARNING] motor id=0 does not reply
[WARNING] SerialPort::recv, unblock version, wait time out
[WARNING] motor id=1 does not reply
[WARNING] SerialPort::recv, unblock version, wait time out
[WARNING] motor id=1 does not reply
[WARNING] SerialPort::recv, unblock version, wait time out
[WARNING] motor id=1 does not reply
[WARNING] SerialPort::recv, unblock version, wait time out
[WARNING] motor id=1 does not reply
[WARNING] SerialPort::recv, unblock version, received 2 bytes, but not 16 bytes.
[WARNING] motor id=0 does not reply
[WARNING] SerialPort::recv, unblock version, wait time out
[WARNING] SerialPort::recv, unblock version, received 3 bytes, but not 16 bytes.
[WARNING] motor id=0 does not reply
[WARNING] SerialPort::recv, unblock version, wait time out
[WARNING] SerialPort::recv, unblock version, received 3 bytes, but not 16 bytes.
[WARNING] motor id=2 does not reply
[WARNING] SerialPort::recv, unblock version, wait time out
[WARNING] SerialPort::recv, unblock version, received 3 bytes, but not 16 bytes.
[WARNING] motor id=0 does not reply
[WARNING] SerialPort::recv, unblock version, wait time out
[WARNING] motor id=1 does not reply
[WARNING] SerialPort::recv, unblock version, wait time out
[WARNING] motor id=1 does not reply
[WARNING] SerialPort::recv, unblock version, wait time out
[WARNING] motor id=1 does not reply
[WARNING] SerialPort::recv, unblock version, wait time out
[WARNING] motor id=0 does not reply
[WARNING] SerialPort::recv, unblock version, wait time out
[WARNING] motor id=0 does not reply
[WARNING] SerialPort::recv, unblock version, wait time out
[WARNING] SerialPort::recv, unblock version, wait time out
[WARNING] SerialPort::recv, unblock version, wait time out
[WARNING] motor id=1 does not reply
[WARNING] motor id=0 does not reply
[WARNING] SerialPort::recv, unblock version, wait time out
[WARNING] motor id=2 does not reply
[WARNING] motor id=1 does not reply
[WARNING] SerialPort::recv, unblock version, wait time out
[WARNING] motor id=0 does not reply
[WARNING] SerialPort::recv, unblock version, wait time out
[WARNING] motor id=0 does not reply
[WARNING] SerialPort::recv, unblock version, wait time out
[WARNING] motor id=1 does not reply
[WARNING] SerialPort::recv, unblock version, wait time out
[WARNING] motor id=2 does not reply
[WARNING] SerialPort::recv, unblock version, wait time out
[WARNING] motor id=1 does not reply
[WARNING] SerialPort::recv, unblock version, wait time out
[WARNING] motor id=1 does not reply
[WARNING] SerialPort::recv, unblock version, wait time out
[WARNING] motor id=0 does not reply
[WARNING] SerialPort::recv, unblock version, wait time out
[WARNING] motor id=0 does not reply
[WARNING] SerialPort::recv, unblock version, wait time out
[WARNING] motor id=0 does not reply
[WARNING] SerialPort::recv, unblock version, wait time out
[WARNING] motor id=2 does not reply
[WARNING] SerialPort::recv, unblock version, wait time out
[WARNING] motor id=1 does not reply
[WARNING] SerialPort::recv, unblock version, wait time out
[WARNING] motor id=1 does not reply
[WARNING] SerialPort::recv, unblock version, wait time out
[WARNING] motor id=1 does not reply
[WARNING] SerialPort::recv, unblock version, wait time out
[WARNING] motor id=0 does not reply
[WARNING] SerialPort::recv, unblock version, wait time out
[WARNING] motor id=0 does not reply
[WARNING] SerialPort::recv, unblock version, wait time out
[WARNING] motor id=2 does not reply
[WARNING] SerialPort::recv, unblock version, wait time out
[WARNING] SerialPort::recv, unblock version, wait time out[WARNING] motor id=1 does not reply
[WARNING] SerialPort::recv, unblock version, wait time out
[WARNING] motor id=1 does not reply

[WARNING] motor id=0 does not reply
[WARNING] SerialPort::recv, unblock version, wait time out
[WARNING] motor id=0 does not reply
[WARNING] SerialPort::recv, unblock version, wait time out
[WARNING] motor id=0 does not reply
[WARNING] SerialPort::recv, unblock version, wait time out
[WARNING] motor id=2 does not reply
[WARNING] SerialPort::recv, unblock version, wait time out
[WARNING] motor id=1 does not reply
[WARNING] SerialPort::recv, unblock version, wait time out
[WARNING] motor id=1 does not reply
[WARNING] SerialPort::recv, unblock version, wait time out
[WARNING] motor id=1 does not reply
[WARNING] SerialPort::recv, unblock version, wait time out
[WARNING] motor id=0 does not reply
[WARNING] SerialPort::recv, unblock version, wait time out
[WARNING] motor id=2 does not reply
[WARNING] SerialPort::recv, unblock version, wait time out
[WARNING] motor id=0 does not reply
[WARNING] SerialPort::recv, unblock version, wait time out
[WARNING] motor id=0 does not reply
[WARNING] SerialPort::recv, unblock version, wait time out
[WARNING] motor id=1 does not reply
[WARNING] SerialPort::recv, unblock version, wait time out
[WARNING] motor id=0 does not reply
[WARNING] SerialPort::recv, unblock version, wait time out
[WARNING] motor id=1 does not reply
[WARNING] SerialPort::recv, unblock version, received 3 bytes, but not 16 bytes.
[WARNING] motor id=2 does not reply
[WARNING] SerialPort::recv, unblock version, received 3 bytes, but not 16 bytes.
[WARNING] motor id=1 does not reply
[WARNING] SerialPort::recv, unblock version, received 2 bytes, but not 16 bytes.
[WARNING] motor id=0 does not reply
[WARNING] SerialPort::recv, unblock version, received 3 bytes, but not 16 bytes.
[WARNING] motor id=1 does not reply
[WARNING] SerialPort::recv, unblock version, wait time out
[WARNING] motor id=1 does not reply
[WARNING] SerialPort::recv, unblock version, wait time out
[WARNING] motor id=2 does not reply
[WARNING] SerialPort::recv, unblock version, wait time out
[WARNING] motor id=1 does not reply
[WARNING] SerialPort::recv, unblock version, wait time out
[WARNING] motor id=1 does not reply
[WARNING] SerialPort::recv, unblock version, received 2 bytes, but not 16 bytes.
[WARNING] motor id=1 does not reply
[WARNING] SerialPort::recv, unblock version, wait time out[WARNING] SerialPort::recv, unblock version, wait time out
[WARNING] SerialPort::recv, unblock version, received 3 bytes, but not 16 bytes.
[WARNING] motor id=0 does not reply

[WARNING] SerialPort::recv, unblock version, received 3 bytes, but not 16 bytes.
[WARNING] motor id=1 does not reply
[WARNING] SerialPort::recv, unblock version, wait time out
[WARNING] SerialPort::recv, unblock version, received 3 bytes, but not 16 bytes.
[WARNING] motor id=0 does not reply
[WARNING] SerialPort::recv, unblock version, wait time out
[WARNING] motor id=0 does not reply
[WARNING] SerialPort::recv, unblock version, wait time out
[WARNING] motor id=1 does not reply
[WARNING] SerialPort::recv, unblock version, wait time out
[WARNING] motor id=1 does not reply
[WARNING] SerialPort::recv, unblock version, wait time out
[WARNING] motor id=2 does not reply
[WARNING] SerialPort::recv, unblock version, wait time out
[WARNING] motor id=1 does not reply
[WARNING] SerialPort::recv, unblock version, wait time out
[WARNING] SerialPort::recv, unblock version, wait time out
[WARNING] motor id=0 does not reply
[WARNING] SerialPort::recv, unblock version, wait time out
[WARNING] motor id=0 does not reply
[WARNING] SerialPort::recv, unblock version, wait time out
[WARNING] motor id=[WARNING] motor id=0 does not reply
2 does not reply
[WARNING] SerialPort::recv, unblock version, wait time out[WARNING] SerialPort::recv, unblock version, wait time out

[WARNING] motor id=1 does not reply[WARNING] motor id=1 does not reply

[WARNING] SerialPort::recv, unblock version, wait time out
[WARNING] motor id=1 does not reply
[WARNING] SerialPort::recv, unblock version, wait time out
[WARNING] motor id=0 does not reply
[WARNING] SerialPort::recv, unblock version, wait time out
[WARNING] motor id=0 does not reply
[WARNING] SerialPort::recv, unblock version, wait time out
[WARNING] motor id=2 does not reply
[WARNING] SerialPort::recv, unblock version, wait time out
[WARNING] motor id=0 does not reply
[WARNING] SerialPort::recv, unblock version, wait time out
[WARNING] motor id=1 does not reply
[WARNING] SerialPort::recv, unblock version, wait time out
[WARNING] motor id=1 does not reply
[WARNING] SerialPort::recv, unblock version, wait time out
[WARNING] SerialPort::recv, unblock version, wait time out
[WARNING] motor id=[WARNING] motor id=10 does not reply does not reply

[WARNING] SerialPort::recv, unblock version, wait time out
[WARNING] motor id=2 does not reply
[WARNING] SerialPort::recv, unblock version, wait time out
[WARNING] motor id=0 does not reply
[WARNING] SerialPort::recv, unblock version, wait time out
[WARNING] motor id=0 does not reply
[WARNING] SerialPort::recv, unblock version, wait time out
[WARNING] motor id=1 does not reply
[WARNING] SerialPort::recv, unblock version, wait time out
[WARNING] motor id=0 does not reply
[WARNING] SerialPort::recv, unblock version, wait time out
[WARNING] motor id=1 does not reply
[WARNING] SerialPort::recv, unblock version, wait time out
[WARNING] motor id=2 does not reply
[WARNING] SerialPort::recv, unblock version, wait time out
[WARNING] motor id=1 does not reply
[WARNING] SerialPort::recv, unblock version, wait time out
[WARNING] motor id=1 does not reply
[WARNING] SerialPort::recv, unblock version, wait time out
[WARNING] motor id=0 does not reply
[WARNING] SerialPort::recv, unblock version, wait time out
[WARNING] motor id=0 does not reply
[WARNING] SerialPort::recv, unblock version, wait time out
[WARNING] motor id=0 does not reply
[WARNING] SerialPort::recv, unblock version, wait time out
[WARNING] motor id=2 does not reply
[WARNING] SerialPort::recv, unblock version, wait time out
[WARNING] motor id=1 does not reply
[WARNING] SerialPort::recv, unblock version, wait time out
[WARNING] motor id=1 does not reply
[WARNING] SerialPort::recv, unblock version, wait time out
[WARNING] motor id=1 does not reply
[WARNING] SerialPort::recv, unblock version, wait time out
[WARNING] motor id=0 does not reply
[WARNING] SerialPort::recv, unblock version, wait time out
[WARNING] motor id=0 does not reply
[WARNING] SerialPort::recv, unblock version, wait time out
[WARNING] motor id=2 does not reply
[WARNING] SerialPort::recv, unblock version, wait time out
[WARNING] motor id=0 does not reply
[WARNING] SerialPort::recv, unblock version, wait time out
[WARNING] motor id=1 does not reply
[WARNING] SerialPort::recv, unblock version, received 3 bytes, but not 16 bytes.
[WARNING] motor id=0 does not reply
[WARNING] SerialPort::recv, unblock version, received 3 bytes, but not 16 bytes.
[WARNING] motor id=2 does not reply
[WARNING] SerialPort::recv, unblock version, received 3 bytes, but not 16 bytes.
[WARNING] motor id=1 does not reply
[WARNING] SerialPort::recv, unblock version, received 2 bytes, but not 16 bytes.
[WARNING] motor id=1 does not reply
[WARNING] Receive data CRC error
[WARNING] motor id=0 failed on CRC, data broken
[WARNING] motor id=0 does not reply
[WARNING] SerialPort::recv, unblock version, wait time out
[WARNING] motor id=1 does not reply
[WARNING] SerialPort::recv, unblock version, wait time out
[WARNING] motor id=1 does not reply
[WARNING] SerialPort::recv, unblock version, wait time out
[WARNING] motor id=1 does not reply
[WARNING] SerialPort::recv, unblock version, wait time out
[WARNING] motor id=1 does not reply
[WARNING] SerialPort::recv, unblock version, received 9 bytes, but not 16 bytes.
[WARNING] motor id=1 does not reply
[WARNING] SerialPort::recv, unblock version, received 3 bytes, but not 16 bytes.
[WARNING] motor id=0 does not reply
[WARNING] SerialPort::recv, unblock version, wait time out
[WARNING] SerialPort::recv, unblock version, received 3 bytes, but not 16 bytes.
[WARNING] motor id=2 does not reply
[WARNING] SerialPort::recv, unblock version, wait time out
[WARNING] SerialPort::recv, unblock version, received 3 bytes, but not 16 bytes.
[WARNING] motor id=0 does not reply
[WARNING] SerialPort::recv, unblock version, wait time out
[WARNING] motor id=0 does not reply
[WARNING] SerialPort::recv, unblock version, wait time out
[WARNING] motor id=1 does not reply
[WARNING] SerialPort::recv, unblock version, wait time out
[WARNING] motor id=0 does not reply
[WARNING] SerialPort::recv, unblock version, wait time out
[WARNING] motor id=1 does not reply
[WARNING] SerialPort::recv, unblock version, wait time out
[WARNING] motor id=1 does not reply
[WARNING] SerialPort::recv, unblock version, wait time out
[WARNING] motor id=0 does not reply
[WARNING] SerialPort::recv, unblock version, wait time out
[WARNING] motor id=1 does not reply
[WARNING] SerialPort::recv, unblock version, wait time out
[WARNING] motor id=2 does not reply
[WARNING] SerialPort::recv, unblock version, wait time out
[WARNING] motor id=0 does not reply
[WARNING] SerialPort::recv, unblock version, wait time out
[WARNING] motor id=1 does not reply
[WARNING] SerialPort::recv, unblock version, wait time out
[WARNING] motor id=2 does not reply
[WARNING] SerialPort::recv, unblock version, wait time out
[WARNING] motor id=0 does not reply
[WARNING] SerialPort::recv, unblock version, wait time out
[WARNING] motor id=1 does not reply
[WARNING] SerialPort::recv, unblock version, wait time out
[WARNING] motor id=0 does not reply
[WARNING] SerialPort::recv, unblock version, wait time out
[WARNING] motor id=0 does not reply
[WARNING] SerialPort::recv, unblock version, wait time out
[WARNING] motor id=1 does not reply
[WARNING] SerialPort::recv, unblock version, wait time out
[WARNING] motor id=0 does not reply
[WARNING] SerialPort::recv, unblock version, wait time out
[WARNING] motor id=1 does not reply
[WARNING] SerialPort::recv, unblock version, wait time out
[WARNING] SerialPort::recv, unblock version, wait time out[WARNING] motor id=1 does not reply

[WARNING] SerialPort::recv, unblock version, wait time out
[WARNING] motor id=2 does not reply
[WARNING] motor id=1 does not reply
[WARNING] SerialPort::recv, unblock version, wait time out
[WARNING] motor id=0 does not reply
[WARNING] SerialPort::recv, unblock version, wait time out[WARNING] SerialPort::recv, unblock version, wait time out

[WARNING] motor id=0 does not reply
[WARNING] motor id=2 does not reply
[WARNING] SerialPort::recv, unblock version, wait time out
[WARNING] motor id=0 does not reply
[WARNING] SerialPort::recv, unblock version, wait time out
[WARNING] motor id=1 does not reply
[WARNING] SerialPort::recv, unblock version, wait time out
[WARNING] motor id=1 does not reply
[WARNING] SerialPort::recv, unblock version, wait time out
[WARNING] motor id=0 does not reply
[WARNING] SerialPort::recv, unblock version, wait time out
[WARNING] motor id=1 does not reply
[WARNING] SerialPort::recv, unblock version, wait time out
[WARNING] motor id=0 does not reply
[WARNING] SerialPort::recv, unblock version, wait time out
[WARNING] motor id=1 does not reply
[WARNING] SerialPort::recv, unblock version, wait time out[WARNING] SerialPort::recv, unblock version, wait time out

[WARNING] motor id=0 does not reply
[WARNING] motor id=2 does not reply
[WARNING] SerialPort::recv, unblock version, wait time out
[WARNING] motor id=1 does not reply
[WARNING] SerialPort::recv, unblock version, wait time out
[WARNING] motor id=2 does not reply
[WARNING] SerialPort::recv, unblock version, wait time out
[WARNING] motor id=1 does not reply
[WARNING] SerialPort::recv, unblock version, wait time out
[WARNING] motor id=0 does not reply
[WARNING] SerialPort::recv, unblock version, wait time out
[WARNING] motor id=0 does not reply
[WARNING] SerialPort::recv, unblock version, wait time out
[WARNING] motor id=1 does not reply
[WARNING] SerialPort::recv, unblock version, wait time out
[WARNING] motor id=1 does not reply
[WARNING] SerialPort::recv, unblock version, wait time out
[WARNING] motor id=0 does not reply
[WARNING] SerialPort::recv, unblock version, wait time out
[WARNING] motor id=0 does not reply
[WARNING] SerialPort::recv, unblock version, received 3 bytes, but not 16 bytes.
[WARNING] motor id=1 does not reply
[WARNING] SerialPort::recv, unblock version, received 3 bytes, but not 16 bytes.
[WARNING] motor id=2 does not reply
[WARNING] SerialPort::recv, unblock version, received 2 bytes, but not 16 bytes.
[WARNING] motor id=1 does not reply
[WARNING] SerialPort::recv, unblock version, received [WARNING] Receive data CRC error3
[WARNING] motor id=0 failed on CRC, data broken
[WARNING] motor id=0 does not reply
 bytes, but not 16 bytes.
[WARNING] motor id=0 does not reply
[WARNING] SerialPort::recv, unblock version, wait time out
[WARNING] motor id=2 does not reply
[WARNING] SerialPort::recv, unblock version, wait time out
[WARNING] motor id=1 does not reply
[WARNING] SerialPort::recv, unblock version, wait time out
[WARNING] motor id=1 does not reply
[WARNING] SerialPort::recv, unblock version, wait time out
[WARNING] motor id=1 does not reply
[WARNING] SerialPort::recv, unblock version, received 3 bytes, but not 16 bytes.
[WARNING] motor id=0 does not reply
[WARNING] SerialPort::recv, unblock version, received 3 bytes, but not 16 bytes.
[WARNING] motor id=2 does not reply
[WARNING] SerialPort::recv, unblock version, wait time out
[WARNING] SerialPort::recv, unblock version, received 3 bytes, but not 16 bytes.
[WARNING] motor id=0 does not reply
[WARNING] SerialPort::recv, unblock version, wait time out
[WARNING] SerialPort::recv, unblock version, received 2 bytes, but not 16 bytes.
[WARNING] motor id=1 does not reply
[WARNING] SerialPort::recv, unblock version, wait time out
[WARNING] SerialPort::recv, unblock version, wait time out[WARNING] motor id=
[WARNING] motor id=1 does not reply
0 does not reply
[WARNING] SerialPort::recv, unblock version, wait time out
[WARNING] motor id=1 does not reply
[WARNING] SerialPort::recv, unblock version, wait time out
[WARNING] motor id=0 does not reply
[WARNING] SerialPort::recv, unblock version, wait time out
[WARNING] motor id=0 does not reply
[WARNING] SerialPort::recv, unblock version, wait time out
[WARNING] motor id=1 does not reply
[WARNING] SerialPort::recv, unblock version, wait time out
[WARNING] motor id=2 does not reply
[WARNING] SerialPort::recv, unblock version, wait time out
[WARNING] motor id=1 does not reply
[WARNING] SerialPort::recv, unblock version, wait time out
[WARNING] motor id=1 does not reply
[WARNING] SerialPort::recv, unblock version, wait time out
[WARNING] motor id=2 does not reply
[WARNING] SerialPort::recv, unblock version, wait time out
[WARNING] motor id=0 does not reply
[WARNING] SerialPort::recv, unblock version, wait time out
[WARNING] motor id=0 does not reply
[WARNING] SerialPort::recv, unblock version, wait time out
[WARNING] motor id=0 does not reply
[WARNING] SerialPort::recv, unblock version, wait time out
[WARNING] motor id=0 does not reply
[WARNING] SerialPort::recv, unblock version, wait time out
[WARNING] motor id=1 does not reply
[WARNING] SerialPort::recv, unblock version, wait time out
[WARNING] motor id=1 does not reply
[WARNING] SerialPort::recv, unblock version, wait time out
[WARNING] motor id=1 does not reply
[WARNING] SerialPort::recv, unblock version, wait time out
[WARNING] motor id=1 does not reply
[WARNING] SerialPort::recv, unblock version, wait time out
[WARNING] motor id=2 does not reply
[WARNING] SerialPort::recv, unblock version, wait time out
[WARNING] motor id=0 does not reply
[WARNING] SerialPort::recv, unblock version, wait time out
[WARNING] motor id=0 does not reply
[WARNING] SerialPort::recv, unblock version, wait time out
[WARNING] motor id=2 does not reply
[WARNING] SerialPort::recv, unblock version, wait time out
[WARNING] motor id=0 does not reply
[WARNING] SerialPort::recv, unblock version, wait time out
[WARNING] motor id=1 does not reply
[WARNING] SerialPort::recv, unblock version, wait time out
[WARNING] motor id=1 does not reply
[WARNING] SerialPort::recv, unblock version, wait time out
[WARNING] motor id=0 does not reply
[WARNING] SerialPort::recv, unblock version, wait time out
[WARNING] motor id=1 does not reply
[WARNING] SerialPort::recv, unblock version, wait time out
[WARNING] motor id=0 does not reply
[WARNING] SerialPort::recv, unblock version, wait time out
[WARNING] motor id=0 does not reply
[WARNING] SerialPort::recv, unblock version, wait time out
[WARNING] motor id=1 does not reply
[WARNING] SerialPort::recv, unblock version, wait time out
[WARNING] SerialPort::recv, unblock version, wait time out
[WARNING] motor id=2 does not reply
[WARNING] motor id=1 does not reply
[WARNING] SerialPort::recv, unblock version, wait time out
[WARNING] motor id=1 does not reply
[WARNING] SerialPort::recv, unblock version, wait time out
[WARNING] motor id=2 does not reply
[WARNING] SerialPort::recv, unblock version, wait time out
[WARNING] motor id=0 does not reply
[WARNING] SerialPort::recv, unblock version, wait time out
[WARNING] motor id=0 does not reply
[WARNING] SerialPort::recv, unblock version, wait time out
[WARNING] motor id=0 does not reply
[WARNING] SerialPort::recv, unblock version, wait time out
[WARNING] motor id=0 does not reply
[WARNING] SerialPort::recv, unblock version, wait time out
[WARNING] motor id=1 does not reply
[WARNING] SerialPort::recv, unblock version, wait time out
[WARNING] motor id=1 does not reply
[WARNING] SerialPort::recv, unblock version, wait time out
[WARNING] motor id=1 does not reply
[WARNING] SerialPort::recv, unblock version, wait time out
[WARNING] motor id=1 does not reply
[WARNING] SerialPort::recv, unblock version, wait time out[WARNING] SerialPort::recv, unblock version, wait time out

[WARNING] SerialPort::recv, unblock version, received 3 bytes, but not 16 bytes.
[WARNING] motor id=2 does not reply
[WARNING] SerialPort::recv, unblock version, received 2 bytes, but not 16 bytes.
[WARNING] motor id=0 does not reply
[WARNING] SerialPort::recv, unblock version, wait time out
[WARNING] SerialPort::recv, unblock version, received 3 bytes, but not 16 bytes.
[WARNING] motor id=2 does not reply
[WARNING] SerialPort::recv, unblock version, wait time out
[WARNING] SerialPort::recv, unblock version, received 3 bytes, but not 16 bytes.
[WARNING] motor id=0 does not reply
[WARNING] SerialPort::recv, unblock version, received 3 bytes, but not 16 bytes.
[WARNING] motor id=0 does not reply
[WARNING] SerialPort::recv, unblock version, wait time out
[WARNING] SerialPort::recv, unblock version, received 3 bytes, but not 16 bytes.[WARNING] SerialPort::recv, unblock version, wait time out
[WARNING] SerialPort::recv, unblock version, wait time out
[WARNING] SerialPort::recv, unblock version, received 2 bytes, but not 16 bytes.
[WARNING] motor id=1 does not reply
[WARNING] motor id=1 does not reply

[WARNING] SerialPort::recv, unblock version, received 3 bytes, but not 16 bytes.
[WARNING] motor id=2 does not reply
[WARNING] SerialPort::recv, unblock version, wait time out
[WARNING] motor id=1 does not reply
[WARNING] SerialPort::recv, unblock version, wait time out
[WARNING] motor id=0 does not reply
[WARNING] SerialPort::recv, unblock version, wait time out
[WARNING] SerialPort::recv, unblock version, wait time out
[WARNING] motor id=0 does not reply
[WARNING] motor id=2 does not reply
[WARNING] SerialPort::recv, unblock version, wait time out
[WARNING] motor id=0 does not reply
[WARNING] SerialPort::recv, unblock version, wait time out
[WARNING] motor id=1 does not reply
[WARNING] SerialPort::recv, unblock version, wait time out
[WARNING] motor id=1 does not reply
[WARNING] SerialPort::recv, unblock version, wait time out
[WARNING] motor id=1 does not reply
[WARNING] SerialPort::recv, unblock version, wait time out
[WARNING] motor id=0 does not reply
[WARNING] SerialPort::recv, unblock version, wait time out
[WARNING] motor id=2 does not reply
[WARNING] SerialPort::recv, unblock version, wait time out
[WARNING] motor id=0 does not reply
[WARNING] SerialPort::recv, unblock version, wait time out
[WARNING] motor id=0 does not reply
[WARNING] SerialPort::recv, unblock version, wait time out
[WARNING] motor id=1 does not reply
Traceback (most recent call last):
  File "/home/bird/Qmini-main/QMiniSimAndDeploy/./joystick.py", line 108, in read_joystick
    joy.getjoystickstates()
  File "/home/bird/Qmini-main/QMiniSimAndDeploy/./joystick.py", line 61, in getjoystickstates
    self.START = self.joystick.get_button(11)
pygame.error: Invalid joystick button
[WARNING] SerialPort::recv, unblock version, wait time out
[WARNING] motor id=0 does not reply
[WARNING] SerialPort::recv, unblock version, wait time out
[WARNING] motor id=1 does not reply
[WARNING] SerialPort::recv, unblock version, wait time out
[WARNING] motor id=1 does not reply
[WARNING] SerialPort::recv, unblock version, wait time out
[WARNING] motor id=2 does not reply
[WARNING] SerialPort::recv, unblock version, wait time out
[WARNING] motor id=1 does not reply
[WARNING] SerialPort::recv, unblock version, wait time out
[WARNING] motor id=0 does not reply
[WARNING] SerialPort::recv, unblock version, wait time out
[WARNING] motor id=0 does not reply
[WARNING] SerialPort::recv, unblock version, wait time out
[WARNING] motor id=0 does not reply
[WARNING] SerialPort::recv, unblock version, wait time out
[WARNING] motor id=2 does not reply
[WARNING] SerialPort::recv, unblock version, wait time out
[WARNING] motor id=1 does not reply
[WARNING] SerialPort::recv, unblock version, wait time out
[WARNING] motor id=1 does not reply
[WARNING] SerialPort::recv, unblock version, wait time out
[WARNING] motor id=1 does not reply
[WARNING] SerialPort::recv, unblock version, wait time out
[WARNING] motor id=0 does not reply
[WARNING] SerialPort::recv, unblock version, wait time out
[WARNING] motor id=0 does not reply
[WARNING] SerialPort::recv, unblock version, wait time out
[WARNING] motor id=0 does not reply
[WARNING] SerialPort::recv, unblock version, wait time out
[WARNING] motor id=2 does not reply
[WARNING] SerialPort::recv, unblock version, wait time out
[WARNING] motor id=1 does not reply
[WARNING] SerialPort::recv, unblock version, wait time out
[WARNING] motor id=1 does not reply
[WARNING] SerialPort::recv, unblock version, wait time out
[WARNING] motor id=1 does not reply
[WARNING] SerialPort::recv, unblock version, wait time out
[WARNING] motor id=0 does not reply
[WARNING] SerialPort::recv, unblock version, wait time out
[WARNING] motor id=2 does not reply
[WARNING] SerialPort::recv, unblock version, wait time out
[WARNING] motor id=0 does not reply
[WARNING] SerialPort::recv, unblock version, wait time out
[WARNING] motor id=0 does not reply
[WARNING] SerialPort::recv, unblock version, wait time out
[WARNING] motor id=1 does not reply
Traceback (most recent call last):
  File "/home/bird/Qmini-main/QMiniSimAndDeploy/./joystick.py", line 108, in read_joystick
    joy.getjoystickstates()
  File "/home/bird/Qmini-main/QMiniSimAndDeploy/./joystick.py", line 73, in getjoystickstates
    self.START = self.joystick.get_button(11)
pygame.error: Invalid joystick button
[WARNING] SerialPort::recv, unblock version, wait time out
[WARNING] motor id=0 does not reply
[WARNING] SerialPort::recv, unblock version, wait time out
[WARNING] motor id=1 does not reply
[WARNING] SerialPort::recv, unblock version, wait time out
[WARNING] motor id=1 does not reply
[WARNING] SerialPort::recv, unblock version, wait time out
[WARNING] motor id=2 does not reply
[WARNING] SerialPort::recv, unblock version, received 3 bytes, but not 16 bytes.
[WARNING] motor id=1 does not reply
[WARNING] SerialPort::recv, unblock version, received 3 bytes, but not 16 bytes.
[WARNING] motor id=0 does not reply
[WARNING] SerialPort::recv, unblock version, received 2 bytes, but not 16 bytes.
[WARNING] motor id=0 does not reply
[WARNING] SerialPort::recv, unblock version, received 3 bytes, but not 16 bytes.
[WARNING] motor id=0 does not reply
[WARNING] SerialPort::recv, unblock version, wait time out
[WARNING] motor id=2 does not reply
[WARNING] SerialPort::recv, unblock version, wait time out
[WARNING] motor id=1 does not reply
[WARNING] SerialPort::recv, unblock version, wait time out
[WARNING] motor id=1 does not reply
[WARNING] SerialPort::recv, unblock version, wait time out
[WARNING] motor id=1 does not reply
[WARNING] SerialPort::recv, unblock version, wait time out
[WARNING] SerialPort::recv, unblock version, received 2 bytes, but not 16 bytes.
[WARNING] motor id=0 does not reply
[WARNING] SerialPort::recv, unblock version, wait time out
[WARNING] SerialPort::recv, unblock version, received 1 bytes, but not 16 bytes.
[WARNING] SerialPort::recv, unblock version, wait time out
[WARNING] SerialPort::recv, unblock version, received 1[WARNING] motor id= bytes, but not 16 bytes.
[WARNING] motor id=1 does not reply
0 does not reply
[WARNING] SerialPort::recv, unblock version, wait time out
[WARNING] motor id=1 does not reply
[WARNING] SerialPort::recv, unblock version, wait time out
[WARNING] motor id=1 does not reply
[WARNING] SerialPort::recv, unblock version, wait time out
[WARNING] motor id=0 does not reply
[WARNING] SerialPort::recv, unblock version, wait time out
[WARNING] motor id=0 does not reply
[WARNING] SerialPort::recv, unblock version, wait time out
[WARNING] motor id=0 does not reply
[WARNING] SerialPort::recv, unblock version, wait time out
[WARNING] motor id=1 does not reply
[WARNING] SerialPort::recv, unblock version, wait time out
[WARNING] motor id=1 does not reply
[WARNING] SerialPort::recv, unblock version, wait time out
[WARNING] motor id=0 does not reply
[WARNING] SerialPort::recv, unblock version, wait time out
[WARNING] motor id=1 does not reply
[WARNING] SerialPort::recv, unblock version, wait time out
[WARNING] motor id=0 does not reply
[WARNING] SerialPort::recv, unblock version, wait time out
[WARNING] motor id=1 does not reply
[WARNING] SerialPort::recv, unblock version, wait time out
[WARNING] motor id=0 does not reply
[WARNING] SerialPort::recv, unblock version, wait time out
[WARNING] motor id=1 does not reply
[WARNING] SerialPort::recv, unblock version, wait time out
[WARNING] motor id=1 does not reply
[WARNING] SerialPort::recv, unblock version, wait time out
[WARNING] motor id=0 does not reply
[WARNING] SerialPort::recv, unblock version, wait time out
[WARNING] motor id=0 does not reply
[WARNING] SerialPort::recv, unblock version, wait time out
[WARNING] motor id=1 does not reply
[WARNING] SerialPort::recv, unblock version, wait time out
[WARNING] motor id=0 does not reply
[WARNING] SerialPort::recv, unblock version, wait time out
[WARNING] motor id=1 does not reply
[WARNING] SerialPort::recv, unblock version, wait time out
[WARNING] motor id=1 does not reply
[WARNING] SerialPort::recv, unblock version, wait time out
[WARNING] motor id=0 does not reply
[WARNING] SerialPort::recv, unblock version, wait time out
[WARNING] motor id=0 does not reply
Q: [ 0.29, -0.16, -0.82, 0.07, -0.10, 0.14, 0.06, 0.17, -0.04, 0.12 ]
[WARNING] SerialPort::recv, unblock version, wait time out
[WARNING] motor id=1 does not reply
[WARNING] SerialPort::recv, unblock version, wait time out
[WARNING] motor id=1 does not reply
[WARNING] SerialPort::recv, unblock version, wait time out
[WARNING] motor id=0 does not reply
[WARNING] SerialPort::recv, unblock version, wait time out
[WARNING] motor id=0 does not reply
[WARNING] SerialPort::recv, unblock version, wait time out
[WARNING] motor id=1 does not reply
[WARNING] SerialPort::recv, unblock version, wait time out
[WARNING] motor id=0 does not reply
[WARNING] SerialPort::recv, unblock version, received 2 bytes, but not 16 bytes.
[WARNING] motor id=1 does not reply
[WARNING] SerialPort::recv, unblock version, received 13 bytes, but not 16 bytes.
[WARNING] motor id=0 does not reply
[WARNING] SerialPort::recv, unblock version, wait time out
[WARNING] SerialPort::recv, unblock version, received 1 bytes, but not 16 bytes.
[WARNING] motor id=0 does not reply
[WARNING] SerialPort::recv, unblock version, wait time out
[WARNING] SerialPort::recv, unblock version, received 1 bytes, but not 16 bytes.
[WARNING] motor id=1 does not reply
[WARNING] SerialPort::recv, unblock version, wait time out
[WARNING] motor id=1 does not reply
Q: [ -0.07, -0.15, 0.47, 0.08, -0.24, 0.11, 0.04, -0.76, -0.28, 0.24 ]
Traceback (most recent call last):
  File "/home/bird/Qmini-main/QMiniSimAndDeploy/./joystick.py", line 108, in read_joystick
    joy.getjoystickstates()
  File "/home/bird/Qmini-main/QMiniSimAndDeploy/./joystick.py", line 61, in getjoystickstates
    self.START = self.joystick.get_button(11)
pygame.error: Invalid joystick button
Traceback (most recent call last):
  File "/home/bird/Qmini-main/QMiniSimAndDeploy/./joystick.py", line 108, in read_joystick
    joy.getjoystickstates()
  File "/home/bird/Qmini-main/QMiniSimAndDeploy/./joystick.py", line 73, in getjoystickstates
    self.START = self.joystick.get_button(11)
pygame.error: Invalid joystick button
Q: [ -0.07, -0.15, 0.50, 0.08, -0.27, 0.13, 0.04, -0.80, -0.28, 0.18 ]
Q: [ -0.08, -0.15, 0.72, 0.22, -0.39, 0.15, 0.04, -1.15, -0.28, -0.01 ]
Q: [ -0.07, -0.15, 0.41, 0.36, -0.45, 0.16, 0.02, -0.50, -0.28, -0.04 ]
Traceback (most recent call last):
  File "/home/bird/Qmini-main/QMiniSimAndDeploy/./joystick.py", line 108, in read_joystick
    joy.getjoystickstates()
  File "/home/bird/Qmini-main/QMiniSimAndDeploy/./joystick.py", line 61, in getjoystickstates
    self.START = self.joystick.get_button(11)
pygame.error: Invalid joystick button
[33mCurrent mode: motor relax (电机泄力)...
[0mReset done! Rpy: 0.00 0.00 0.00

Reset observation history: Done!
Traceback (most recent call last):
  File "/home/bird/Qmini-main/QMiniSimAndDeploy/./joystick.py", line 108, in read_joystick
    joy.getjoystickstates()
  File "/home/bird/Qmini-main/QMiniSimAndDeploy/./joystick.py", line 73, in getjoystickstates
    self.START = self.joystick.get_button(11)
pygame.error: Invalid joystick button
Traceback (most recent call last):
  File "/home/bird/Qmini-main/QMiniSimAndDeploy/./joystick.py", line 108, in read_joystick
    joy.getjoystickstates()
  File "/home/bird/Qmini-main/QMiniSimAndDeploy/./joystick.py", line 61, in getjoystickstates
    self.START = self.joystick.get_button(11)
pygame.error: Invalid joystick button
Traceback (most recent call last):
  File "/home/bird/Qmini-main/QMiniSimAndDeploy/./joystick.py", line 108, in read_joystick
    joy.getjoystickstates()
  File "/home/bird/Qmini-main/QMiniSimAndDeploy/./joystick.py", line 73, in getjoystickstates
    self.START = self.joystick.get_button(11)
pygame.error: Invalid joystick button
Q: [ -0.36, -0.15, -0.15, 0.08, -0.45, 0.16, 0.02, -0.03, -0.28, -0.04 ]
Traceback (most recent call last):
  File "/home/bird/Qmini-main/QMiniSimAndDeploy/./joystick.py", line 108, in read_joystick
    joy.getjoystickstates()
  File "/home/bird/Qmini-main/QMiniSimAndDeploy/./joystick.py", line 61, in getjoystickstates
    self.START = self.joystick.get_button(11)
pygame.error: Invalid joystick button
Reset done! Rpy: 0.00 0.00 0.00

Reset observation history: Done!
